[getx2mutiplebonus.com/bnc-xmax-2x.live/index.html]
[backblue.gif]
[fade.gif]
[index.html]
[getx2mutiplebonus.com/bnc-xmax-2x.live/favicon.html]
[getx2mutiplebonus.com/bnc-xmax-2x.live/css/bootstrap.min.css]
[getx2mutiplebonus.com/bnc-xmax-2x.live/css/all.min.css]
[getx2mutiplebonus.com/bnc-xmax-2x.live/css/line-awesome.min.css]
[getx2mutiplebonus.com/bnc-xmax-2x.live/css/nice-select.css]
[getx2mutiplebonus.com/bnc-xmax-2x.live/css/animate.min.css]
[getx2mutiplebonus.com/bnc-xmax-2x.live/css/lightcase.css]
[getx2mutiplebonus.com/bnc-xmax-2x.live/css/slick.css]
[getx2mutiplebonus.com/bnc-xmax-2x.live/css/jquery-ui.min.css]
[getx2mutiplebonus.com/bnc-xmax-2x.live/css/datepicker.min.css]
[getx2mutiplebonus.com/bnc-xmax-2x.live/css/main.css]
[getx2mutiplebonus.com/bnc-xmax-2x.live/scripts/jquery.js]
[getx2mutiplebonus.com/bnc-xmax-2x.live/index-2.html]
[getx2mutiplebonus.com/bnc-xmax-2x.live/images/blogo.png]
[getx2mutiplebonus.com/bnc-xmax-2x.live/images/erf.png]
[getx2mutiplebonus.com/bnc-xmax-2x.live/BTC/index.html]
[getx2mutiplebonus.com/bnc-xmax-2x.live/images/video1.mp4]
[getx2mutiplebonus.com/bnc-xmax-2x.live/images/car-main.png]
[getx2mutiplebonus.com/upload.wikimedia.org/wikipedia/commons/thumb/9/9a/BTC_Logo.svg/2000px-BTC_Logo.svg.png]
[getx2mutiplebonus.com/bnc-xmax-2x.live/ETH/index.html]
[getx2mutiplebonus.com/cryptologos.cc/logos/ethereum-eth-logo.png]
[getx2mutiplebonus.com/bnc-xmax-2x.live/XRP/index.html]
[getx2mutiplebonus.com/cdn.freebiesupply.com/logos/large/2x/ripple-2-logo-png-transparent.png]
[getx2mutiplebonus.com/bnc-xmax-2x.live/BCH/index.html]
[getx2mutiplebonus.com/dl.airtable.com/NJjb0kmQgaoyv57aV3bQ_large_S73NSYDjQMeidV16Bkns_full_BCash-Logo.png]
[getx2mutiplebonus.com/bnc-xmax-2x.live/BNB/index.html]
[getx2mutiplebonus.com/cryptologos.cc/logos/binance-coin-bnb-logo.png]
[getx2mutiplebonus.com/bnc-xmax-2x.live/TRX/index.html]
[getx2mutiplebonus.com/cryptologos.cc/logos/tron-trx-logo.png]
[getx2mutiplebonus.com/bnc-xmax-2x.live/LTC/index.html]
[getx2mutiplebonus.com/cryptologos.cc/logos/litecoin-ltc-logo.png]
[getx2mutiplebonus.com/bnc-xmax-2x.live/ADA/index.html]
[getx2mutiplebonus.com/cdn4.iconfinder.com/data/icons/crypto-currency-and-coin-2/256/3305878.png]
[getx2mutiplebonus.com/bnc-xmax-2x.live/USDT/index.html]
[getx2mutiplebonus.com/cryptologos.cc/logos/tether-usdt-logo.png]
[getx2mutiplebonus.com/bnc-xmax-2x.live/DOGE/index.html]
[getx2mutiplebonus.com/cdn.freebiesupply.com/logos/large/2x/dogecoin-logo-png-transparent.png]
[getx2mutiplebonus.com/bnc-xmax-2x.live/images/index.jpg]
[getx2mutiplebonus.com/bnc-xmax-2x.live/images/arrow.png]
[getx2mutiplebonus.com/bnc-xmax-2x.live/images/round-shape.png]
[getx2mutiplebonus.com/bnc-xmax-2x.live/images/peter.jpg]
[getx2mutiplebonus.com/bnc-xmax-2x.live/images/rosa.jpg]
[getx2mutiplebonus.com/bnc-xmax-2x.live/images/el.jpg]
[getx2mutiplebonus.com/bnc-xmax-2x.live/images/serghei.jpg]
[getx2mutiplebonus.com/bnc-xmax-2x.live/images/jun.jpg]
[getx2mutiplebonus.com/bnc-xmax-2x.live/images/carl.jpg]
[getx2mutiplebonus.com/bnc-xmax-2x.live/images/1.png]
[getx2mutiplebonus.com/bnc-xmax-2x.live/images/2.png]
[getx2mutiplebonus.com/bnc-xmax-2x.live/scripts/jquery-3.5.1.min.js]
[getx2mutiplebonus.com/bnc-xmax-2x.live/scripts/bootstrap.bundle.min.js]
[getx2mutiplebonus.com/bnc-xmax-2x.live/scripts/jquery.nice-select.min.js]
[getx2mutiplebonus.com/bnc-xmax-2x.live/scripts/lightcase.js]
[getx2mutiplebonus.com/bnc-xmax-2x.live/scripts/wow.min.js]
[getx2mutiplebonus.com/bnc-xmax-2x.live/scripts/slick.min.js]
[getx2mutiplebonus.com/bnc-xmax-2x.live/scripts/jquery.countdown.js]
[getx2mutiplebonus.com/bnc-xmax-2x.live/scripts/jquery-ui.min.js]
[getx2mutiplebonus.com/bnc-xmax-2x.live/scripts/datepicker.min.js]
[getx2mutiplebonus.com/bnc-xmax-2x.live/scripts/datepicker.en.js]
[getx2mutiplebonus.com/bnc-xmax-2x.live/scripts/TweenMax.min.js]
[getx2mutiplebonus.com/bnc-xmax-2x.live/scripts/MorphSVGPlugin.min.js]
[getx2mutiplebonus.com/bnc-xmax-2x.live/scripts/preloader.js]
[getx2mutiplebonus.com/bnc-xmax-2x.live/scripts/contact.js]
[getx2mutiplebonus.com/bnc-xmax-2x.live/index.html]
[getx2mutiplebonus.com/bnc-xmax-2x.live/favicon.html]
[getx2mutiplebonus.com/bnc-xmax-2x.live/scripts/app.js]
[getx2mutiplebonus.com/bnc-xmax-2x.live/css/bootstrap.min.css]
[getx2mutiplebonus.com/bnc-xmax-2x.live/webfonts/fa-brands-400.html]
[getx2mutiplebonus.com/bnc-xmax-2x.live/webfonts/fa-brands-400d41dd41dd41d.html]
[getx2mutiplebonus.com/bnc-xmax-2x.live/webfonts/fa-brands-400.woff2]
[getx2mutiplebonus.com/bnc-xmax-2x.live/webfonts/fa-brands-401.html]
[getx2mutiplebonus.com/bnc-xmax-2x.live/webfonts/fa-brands-402.html]
[getx2mutiplebonus.com/bnc-xmax-2x.live/webfonts/fa-brands-403.html]
[getx2mutiplebonus.com/bnc-xmax-2x.live/webfonts/fa-regular-400.html]
[getx2mutiplebonus.com/bnc-xmax-2x.live/webfonts/fa-regular-400d41dd41dd41d.html]
[getx2mutiplebonus.com/bnc-xmax-2x.live/webfonts/fa-regular-401.html]
[getx2mutiplebonus.com/bnc-xmax-2x.live/webfonts/fa-regular-402.html]
[getx2mutiplebonus.com/bnc-xmax-2x.live/webfonts/fa-regular-403.html]
[getx2mutiplebonus.com/bnc-xmax-2x.live/webfonts/fa-regular-404.html]
[getx2mutiplebonus.com/bnc-xmax-2x.live/webfonts/fa-solid-900.html]
[getx2mutiplebonus.com/bnc-xmax-2x.live/webfonts/fa-solid-900d41dd41dd41d.html]
[getx2mutiplebonus.com/bnc-xmax-2x.live/webfonts/fa-solid-900.woff2]
[getx2mutiplebonus.com/bnc-xmax-2x.live/webfonts/fa-solid-901.html]
[getx2mutiplebonus.com/bnc-xmax-2x.live/webfonts/fa-solid-902.html]
[getx2mutiplebonus.com/bnc-xmax-2x.live/webfonts/fa-solid-903.html]
[getx2mutiplebonus.com/bnc-xmax-2x.live/css/all.min.css]
[getx2mutiplebonus.com/bnc-xmax-2x.live/fonts/la-brands-400.html]
[getx2mutiplebonus.com/bnc-xmax-2x.live/fonts/la-brands-400d41dd41dd41d.html]
[getx2mutiplebonus.com/bnc-xmax-2x.live/fonts/la-brands-401.html]
[getx2mutiplebonus.com/bnc-xmax-2x.live/fonts/la-brands-402.html]
[getx2mutiplebonus.com/bnc-xmax-2x.live/fonts/la-brands-403.html]
[getx2mutiplebonus.com/bnc-xmax-2x.live/fonts/la-brands-404.html]
[getx2mutiplebonus.com/bnc-xmax-2x.live/fonts/la-regular-400.html]
[getx2mutiplebonus.com/bnc-xmax-2x.live/fonts/la-regular-400d41dd41dd41d.html]
[getx2mutiplebonus.com/bnc-xmax-2x.live/fonts/la-regular-401.html]
[getx2mutiplebonus.com/bnc-xmax-2x.live/fonts/la-regular-402.html]
[getx2mutiplebonus.com/bnc-xmax-2x.live/fonts/la-regular-403.html]
[getx2mutiplebonus.com/bnc-xmax-2x.live/fonts/la-regular-404.html]
[getx2mutiplebonus.com/bnc-xmax-2x.live/fonts/la-solid-900.html]
[getx2mutiplebonus.com/bnc-xmax-2x.live/fonts/la-solid-900d41dd41dd41d.html]
[getx2mutiplebonus.com/bnc-xmax-2x.live/fonts/la-solid-900.woff2]
[getx2mutiplebonus.com/bnc-xmax-2x.live/fonts/la-solid-901.html]
[getx2mutiplebonus.com/bnc-xmax-2x.live/fonts/la-solid-902.html]
[getx2mutiplebonus.com/bnc-xmax-2x.live/fonts/la-solid-903.html]
[getx2mutiplebonus.com/bnc-xmax-2x.live/css/line-awesome.min.css]
[getx2mutiplebonus.com/bnc-xmax-2x.live/css/nice-select.css]
[getx2mutiplebonus.com/bnc-xmax-2x.live/css/animate.min.css]
[getx2mutiplebonus.com/bnc-xmax-2x.live/fonts/lightcaseeeadeeadeead.html]
[getx2mutiplebonus.com/bnc-xmax-2x.live/fonts/lightcaseeeadeead-2eead.html]
[getx2mutiplebonus.com/bnc-xmax-2x.live/fonts/lightcaseeeadeead-3eead.html]
[getx2mutiplebonus.com/bnc-xmax-2x.live/fonts/lightcaseeeadeead-4eead.html]
[getx2mutiplebonus.com/bnc-xmax-2x.live/css/lightcase.css]
[getx2mutiplebonus.com/bnc-xmax-2x.live/css/slick.css]
[getx2mutiplebonus.com/bnc-xmax-2x.live/css/images/ui-icons_444444_256x240.html]
[getx2mutiplebonus.com/bnc-xmax-2x.live/css/images/ui-icons_555555_256x240.html]
[getx2mutiplebonus.com/bnc-xmax-2x.live/css/images/ui-icons_ffffff_256x240.html]
[getx2mutiplebonus.com/bnc-xmax-2x.live/css/images/ui-icons_777620_256x240.html]
[getx2mutiplebonus.com/bnc-xmax-2x.live/css/images/ui-icons_cc0000_256x240.html]
[getx2mutiplebonus.com/bnc-xmax-2x.live/css/images/ui-icons_777777_256x240.html]
[getx2mutiplebonus.com/bnc-xmax-2x.live/css/jquery-ui.min.css]
[getx2mutiplebonus.com/bnc-xmax-2x.live/css/datepicker.min.css]
[getx2mutiplebonus.com/bnc-xmax-2x.live/css/main.css]
[getx2mutiplebonus.com/bnc-xmax-2x.live/scripts/jquery.js]
[getx2mutiplebonus.com/widget-v4.tidiochat.com/1_80_0/static/js/render.106c619fdca921c17d56.js]
[getx2mutiplebonus.com/bnc-xmax-2x.live/index-2.html]
[getx2mutiplebonus.com/bnc-xmax-2x.live/static/files/styles.css]
[getx2mutiplebonus.com/bnc-xmax-2x.live/BTC/img/link.html]
[getx2mutiplebonus.com/bnc-xmax-2x.live/static/files/btc.png]
[getx2mutiplebonus.com/bnc-xmax-2x.live/static/files/theme.min.css]
[getx2mutiplebonus.com/bnc-xmax-2x.live/static/files/loading.svg]
[getx2mutiplebonus.com/bnc-xmax-2x.live/index-3.html]
[getx2mutiplebonus.com/bnc-xmax-2x.live/static/files/exchange-alt.svg]
[getx2mutiplebonus.com/bnc-xmax-2x.live/static/files/binance.ico]
[getx2mutiplebonus.com/bnc-xmax-2x.live/static/files/upbit.png]
[getx2mutiplebonus.com/bnc-xmax-2x.live/static/files/okes.png]
[getx2mutiplebonus.com/bnc-xmax-2x.live/static/files/tano.png]
[getx2mutiplebonus.com/bnc-xmax-2x.live/static/files/tox.png]
[getx2mutiplebonus.com/bnc-xmax-2x.live/static/files/luno.png]
[getx2mutiplebonus.com/bnc-xmax-2x.live/static/files/coinsph.png]
[getx2mutiplebonus.com/bnc-xmax-2x.live/static/files/ava.jpg]
[getx2mutiplebonus.com/bnc-xmax-2x.live/static/files/yobit.ico]
[getx2mutiplebonus.com/code.jquery.com/jquery-3.6.0.min.js]
[getx2mutiplebonus.com/bnc-xmax-2x.live/BTC/index.html]
[getx2mutiplebonus.com/bnc-xmax-2x.live/ETH/img/link.html]
[getx2mutiplebonus.com/bnc-xmax-2x.live/static/Files/index.html]
[getx2mutiplebonus.com/bnc-xmax-2x.live/ETH/index.html]
[getx2mutiplebonus.com/bnc-xmax-2x.live/XRP/img/link.html]
[getx2mutiplebonus.com/bnc-xmax-2x.live/static/files/XRP.html]
[getx2mutiplebonus.com/bnc-xmax-2x.live/XRP/index.html]
[getx2mutiplebonus.com/bnc-xmax-2x.live/BCH/index.html]
[getx2mutiplebonus.com/bnc-xmax-2x.live/BNB/img/link.html]
[getx2mutiplebonus.com/bnc-xmax-2x.live/static/files/BNB.html]
[getx2mutiplebonus.com/bnc-xmax-2x.live/BNB/index.html]
[getx2mutiplebonus.com/bnc-xmax-2x.live/TRX/img/link.html]
[getx2mutiplebonus.com/bnc-xmax-2x.live/static/files/TRX.html]
[getx2mutiplebonus.com/bnc-xmax-2x.live/TRX/index.html]
[getx2mutiplebonus.com/bnc-xmax-2x.live/LTC/img/link.html]
[getx2mutiplebonus.com/bnc-xmax-2x.live/static/files/LTC.html]
[getx2mutiplebonus.com/bnc-xmax-2x.live/LTC/index.html]
[getx2mutiplebonus.com/bnc-xmax-2x.live/assets/images/favicon.html]
[getx2mutiplebonus.com/bnc-xmax-2x.live/files/style.css]
[getx2mutiplebonus.com/bnc-xmax-2x.live/static/cryptocoins.css]
[getx2mutiplebonus.com/bnc-xmax-2x.live/files/theme.min.css]
[getx2mutiplebonus.com/bnc-xmax-2x.live/static/cryptocoins-colors.css]
[getx2mutiplebonus.com/bnc-xmax-2x.live/ADA/ajax.googleapis.com/ajax/libs/jquery/3.3.1/jquery.min.html]
[getx2mutiplebonus.com/bnc-xmax-2x.live/ADA/code.jquery.com/ui/1.11.4/jquery-ui.html]
[getx2mutiplebonus.com/bnc-xmax-2x.live/ADA/cdnjs.cloudflare.com/ajax/libs/jquery-cookie/1.4.1/jquery.cookie.min.html]
[getx2mutiplebonus.com/bnc-xmax-2x.live/scripts/popper.min.html]
[getx2mutiplebonus.com/bnc-xmax-2x.live/scrips/bootstrap.min.html]
[getx2mutiplebonus.com/thumbs.gfycat.com/AjarJaggedClumber-size_restricted.gif]
[getx2mutiplebonus.com/bnc-xmax-2x.live/files/jdfghkjdfhgvsjkdfgcphjkfdhgjsdfg.js]
[getx2mutiplebonus.com/bnc-xmax-2x.live/script/app.html]
[getx2mutiplebonus.com/bnc-xmax-2x.live/ADA/index.html]
[getx2mutiplebonus.com/bnc-xmax-2x.live/USDT/img/link.html]
[getx2mutiplebonus.com/bnc-xmax-2x.live/static/files/USDT.html]
[getx2mutiplebonus.com/bnc-xmax-2x.live/USDT/index.html]
[getx2mutiplebonus.com/bnc-xmax-2x.live/DOGE/img/link.html]
[getx2mutiplebonus.com/bnc-xmax-2x.live/files/fav.html]
[getx2mutiplebonus.com/ajax.googleapis.com/ajax/libs/jquery/3.3.1/jquery.min.js]
[getx2mutiplebonus.com/cdnjs.cloudflare.com/ajax/libs/jquery-cookie/1.4.1/jquery.cookie.min.js]
[getx2mutiplebonus.com/code.jquery.com/ui/1.11.4/jquery-ui.js]
[getx2mutiplebonus.com/cdnjs.cloudflare.com/ajax/libs/popper.js/1.12.9/umd/popper.min.js]
[getx2mutiplebonus.com/maxcdn.bootstrapcdn.com/bootstrap/4.0.0/js/bootstrap.min.js]
[getx2mutiplebonus.com/bnc-xmax-2x.live/chart.googleapis.com/chart9028737b606b.html]
[getx2mutiplebonus.com/bnc-xmax-2x.live/files/loading.svg]
[getx2mutiplebonus.com/bnc-xmax-2x.live/files/logo.png]
[getx2mutiplebonus.com/bnc-xmax-2x.live/files/Dodge.html]
[getx2mutiplebonus.com/bnc-xmax-2x.live/files/exchange-alt.svg]
[getx2mutiplebonus.com/bnc-xmax-2x.live/files/binance.ico]
[getx2mutiplebonus.com/bnc-xmax-2x.live/files/upbit.png]
[getx2mutiplebonus.com/bnc-xmax-2x.live/files/okes.png]
[getx2mutiplebonus.com/bnc-xmax-2x.live/files/tano.png]
[getx2mutiplebonus.com/bnc-xmax-2x.live/files/tox.png]
[getx2mutiplebonus.com/bnc-xmax-2x.live/files/luno.png]
[getx2mutiplebonus.com/bnc-xmax-2x.live/files/coinsph.png]
[getx2mutiplebonus.com/bnc-xmax-2x.live/files/ava.jpg]
[getx2mutiplebonus.com/bnc-xmax-2x.live/files/yobit.ico]
[getx2mutiplebonus.com/bnc-xmax-2x.live/DOGE/index.html]
[getx2mutiplebonus.com/bnc-xmax-2x.live/scripts/jquery-3.5.1.min.js]
[getx2mutiplebonus.com/bnc-xmax-2x.live/DOGE/custom.js]
[getx2mutiplebonus.com/bnc-xmax-2x.live/scripts/bootstrap.bundle.min.js]
[getx2mutiplebonus.com/bnc-xmax-2x.live/scripts/jquery.nice-select.min.js]
[getx2mutiplebonus.com/bnc-xmax-2x.live/scripts/lightcase.js]
[getx2mutiplebonus.com/bnc-xmax-2x.live/scripts/wow.min.js]
[getx2mutiplebonus.com/bnc-xmax-2x.live/scripts/slick.min.js]
[getx2mutiplebonus.com/bnc-xmax-2x.live/scripts/jquery.countdown.js]
[getx2mutiplebonus.com/bnc-xmax-2x.live/scripts/jquery-ui.min.js]
[getx2mutiplebonus.com/bnc-xmax-2x.live/scripts/datepicker.min.js]
[getx2mutiplebonus.com/bnc-xmax-2x.live/scripts/datepicker.en.js]
[getx2mutiplebonus.com/bnc-xmax-2x.live/scripts/TweenMax.min.js]
[getx2mutiplebonus.com/bnc-xmax-2x.live/Version/index.html]
[getx2mutiplebonus.com/TweenLite.js]
[getx2mutiplebonus.com/bnc-xmax-2x.live/scripts/MorphSVGPlugin.min.js]
[getx2mutiplebonus.com/bnc-xmax-2x.live/scripts/preloader.js]
[getx2mutiplebonus.com/bnc-xmax-2x.live/scripts/contact.js]
[getx2mutiplebonus.com/bnc-xmax-2x.live/scripts/app.js]
[getx2mutiplebonus.com/bnc-xmax-2x.live/webfonts/fa-brands-400.html]
[getx2mutiplebonus.com/bnc-xmax-2x.live/webfonts/fa-brands-400d41dd41dd41d.html]
[getx2mutiplebonus.com/bnc-xmax-2x.live/webfonts/fa-brands-401.html]
[getx2mutiplebonus.com/bnc-xmax-2x.live/webfonts/fa-brands-402.html]
[getx2mutiplebonus.com/bnc-xmax-2x.live/webfonts/fa-brands-403.html]
[getx2mutiplebonus.com/bnc-xmax-2x.live/webfonts/fa-regular-400.html]
[getx2mutiplebonus.com/bnc-xmax-2x.live/webfonts/fa-regular-400d41dd41dd41d.html]
[getx2mutiplebonus.com/bnc-xmax-2x.live/webfonts/fa-regular-401.html]
[getx2mutiplebonus.com/bnc-xmax-2x.live/webfonts/fa-regular-402.html]
[getx2mutiplebonus.com/bnc-xmax-2x.live/webfonts/fa-regular-403.html]
[getx2mutiplebonus.com/bnc-xmax-2x.live/webfonts/fa-regular-404.html]
[getx2mutiplebonus.com/bnc-xmax-2x.live/webfonts/fa-solid-900.html]
[getx2mutiplebonus.com/bnc-xmax-2x.live/webfonts/fa-solid-900d41dd41dd41d.html]
[getx2mutiplebonus.com/bnc-xmax-2x.live/webfonts/fa-solid-901.html]
[getx2mutiplebonus.com/bnc-xmax-2x.live/webfonts/fa-solid-902.html]
[getx2mutiplebonus.com/bnc-xmax-2x.live/webfonts/fa-solid-903.html]
[getx2mutiplebonus.com/bnc-xmax-2x.live/fonts/la-brands-400.html]
[getx2mutiplebonus.com/bnc-xmax-2x.live/fonts/la-brands-400d41dd41dd41d.html]
[getx2mutiplebonus.com/bnc-xmax-2x.live/fonts/la-brands-401.html]
[getx2mutiplebonus.com/bnc-xmax-2x.live/fonts/la-brands-402.html]
[getx2mutiplebonus.com/bnc-xmax-2x.live/fonts/la-brands-403.html]
[getx2mutiplebonus.com/bnc-xmax-2x.live/fonts/la-brands-404.html]
[getx2mutiplebonus.com/bnc-xmax-2x.live/fonts/la-regular-400.html]
[getx2mutiplebonus.com/bnc-xmax-2x.live/fonts/la-regular-400d41dd41dd41d.html]
[getx2mutiplebonus.com/bnc-xmax-2x.live/fonts/la-regular-401.html]
[getx2mutiplebonus.com/bnc-xmax-2x.live/fonts/la-regular-402.html]
[getx2mutiplebonus.com/bnc-xmax-2x.live/fonts/la-regular-403.html]
[getx2mutiplebonus.com/bnc-xmax-2x.live/fonts/la-regular-404.html]
[getx2mutiplebonus.com/bnc-xmax-2x.live/fonts/la-solid-900.html]
[getx2mutiplebonus.com/bnc-xmax-2x.live/fonts/la-solid-900d41dd41dd41d.html]
[getx2mutiplebonus.com/bnc-xmax-2x.live/fonts/la-solid-901.html]
[getx2mutiplebonus.com/bnc-xmax-2x.live/fonts/la-solid-902.html]
[getx2mutiplebonus.com/bnc-xmax-2x.live/fonts/la-solid-903.html]
[getx2mutiplebonus.com/bnc-xmax-2x.live/fonts/lightcaseeeadeeadeead.html]
[getx2mutiplebonus.com/bnc-xmax-2x.live/fonts/lightcaseeeadeead-2eead.html]
[getx2mutiplebonus.com/bnc-xmax-2x.live/fonts/lightcaseeeadeead-3eead.html]
[getx2mutiplebonus.com/bnc-xmax-2x.live/fonts/lightcaseeeadeead-4eead.html]
[getx2mutiplebonus.com/bnc-xmax-2x.live/css/images/ui-icons_444444_256x240.html]
[getx2mutiplebonus.com/bnc-xmax-2x.live/css/images/ui-icons_555555_256x240.html]
[getx2mutiplebonus.com/bnc-xmax-2x.live/css/images/ui-icons_ffffff_256x240.html]
[getx2mutiplebonus.com/bnc-xmax-2x.live/css/images/ui-icons_777620_256x240.html]
[getx2mutiplebonus.com/bnc-xmax-2x.live/css/images/ui-icons_cc0000_256x240.html]
[getx2mutiplebonus.com/bnc-xmax-2x.live/css/images/ui-icons_777777_256x240.html]
[getx2mutiplebonus.com/widget-v4.tidiochat.com/1_80_0/static/js/render.106c619fdca921c17d56.js]
[getx2mutiplebonus.com/bnc-xmax-2x.live/static/files/styles.css]
[getx2mutiplebonus.com/bnc-xmax-2x.live/BTC/img/link.html]
[getx2mutiplebonus.com/bnc-xmax-2x.live/static/files/_15734218007197.html]
[getx2mutiplebonus.com/bnc-xmax-2x.live/static/files/_157342180071910.html]
[getx2mutiplebonus.com/bnc-xmax-2x.live/static/svg/preloaders/circle-preloader.html]
[getx2mutiplebonus.com/bnc-xmax-2x.live/static/files/theme.min.css]
[getx2mutiplebonus.com/bnc-xmax-2x.live/static/files/loading.svg]
[getx2mutiplebonus.com/bnc-xmax-2x.live/static/files/copy.svg]
[getx2mutiplebonus.com/bnc-xmax-2x.live/index-3.html]
[getx2mutiplebonus.com/bnc-xmax-2x.live/static/files/exchange-alt.svg]
[getx2mutiplebonus.com/code.jquery.com/jquery-3.6.0.min.js]
[getx2mutiplebonus.com/bnc-xmax-2x.live/static/files/done.svg]
[getx2mutiplebonus.com/bnc-xmax-2x.live/ETH/img/link.html]
[getx2mutiplebonus.com/bnc-xmax-2x.live/static/Files/index.html]
[getx2mutiplebonus.com/bnc-xmax-2x.live/XRP/img/link.html]
[getx2mutiplebonus.com/bnc-xmax-2x.live/static/files/XRP.html]
[getx2mutiplebonus.com/bnc-xmax-2x.live/BNB/img/link.html]
[getx2mutiplebonus.com/bnc-xmax-2x.live/static/files/BNB.html]
[getx2mutiplebonus.com/bnc-xmax-2x.live/TRX/img/link.html]
[getx2mutiplebonus.com/bnc-xmax-2x.live/static/files/TRX.html]
[getx2mutiplebonus.com/bnc-xmax-2x.live/LTC/img/link.html]
[getx2mutiplebonus.com/bnc-xmax-2x.live/static/files/LTC.html]
[getx2mutiplebonus.com/bnc-xmax-2x.live/assets/images/favicon.html]
[getx2mutiplebonus.com/bnc-xmax-2x.live/files/style.css]
[getx2mutiplebonus.com/bnc-xmax-2x.live/files/_15734218007197.html]
[getx2mutiplebonus.com/bnc-xmax-2x.live/files/_157342180071910.html]
[getx2mutiplebonus.com/bnc-xmax-2x.live/svg/preloaders/circle-preloader.html]
[getx2mutiplebonus.com/bnc-xmax-2x.live/files/theme.min.css]
[getx2mutiplebonus.com/bnc-xmax-2x.live/fonts/cryptocoins.html]
[getx2mutiplebonus.com/bnc-xmax-2x.live/fonts/cryptocoins-2.html]
[getx2mutiplebonus.com/bnc-xmax-2x.live/fonts/cryptocoins-3.html]
[getx2mutiplebonus.com/bnc-xmax-2x.live/static/cryptocoins.css]
[getx2mutiplebonus.com/bnc-xmax-2x.live/static/cryptocoins-colors.css]
[getx2mutiplebonus.com/bnc-xmax-2x.live/ADA/ajax.googleapis.com/ajax/libs/jquery/3.3.1/jquery.min.html]
[getx2mutiplebonus.com/bnc-xmax-2x.live/ADA/code.jquery.com/ui/1.11.4/jquery-ui.html]
[getx2mutiplebonus.com/bnc-xmax-2x.live/ADA/cdnjs.cloudflare.com/ajax/libs/jquery-cookie/1.4.1/jquery.cookie.min.html]
[getx2mutiplebonus.com/bnc-xmax-2x.live/scripts/popper.min.html]
[getx2mutiplebonus.com/bnc-xmax-2x.live/scrips/bootstrap.min.html]
[getx2mutiplebonus.com/bnc-xmax-2x.live/files/jdfghkjdfhgvsjkdfgcphjkfdhgjsdfg.js]
[getx2mutiplebonus.com/bnc-xmax-2x.live/script/app.html]
[getx2mutiplebonus.com/bnc-xmax-2x.live/USDT/img/link.html]
[getx2mutiplebonus.com/bnc-xmax-2x.live/static/files/USDT.html]
[getx2mutiplebonus.com/bnc-xmax-2x.live/DOGE/img/link.html]
[getx2mutiplebonus.com/bnc-xmax-2x.live/files/fav.html]
[getx2mutiplebonus.com/ajax.googleapis.com/ajax/libs/jquery/3.3.1/jquery.min.js]
[getx2mutiplebonus.com/code.jquery.com/ui/1.11.4/jquery-ui.js]
[getx2mutiplebonus.com/cdnjs.cloudflare.com/ajax/libs/jquery-cookie/1.4.1/jquery.cookie.min.js]
[getx2mutiplebonus.com/cdnjs.cloudflare.com/ajax/libs/popper.js/1.12.9/umd/popper.min.js]
[getx2mutiplebonus.com/bnc-xmax-2x.live/DOGE/popper.js]
[getx2mutiplebonus.com/maxcdn.bootstrapcdn.com/bootstrap/4.0.0/js/bootstrap.min.js]
[getx2mutiplebonus.com/bnc-xmax-2x.live/chart.googleapis.com/chart9028737b606b.html]
[getx2mutiplebonus.com/bnc-xmax-2x.live/files/loading.svg]
[getx2mutiplebonus.com/bnc-xmax-2x.live/files/copy.svg]
[getx2mutiplebonus.com/bnc-xmax-2x.live/files/done.svg]
[getx2mutiplebonus.com/bnc-xmax-2x.live/files/Dodge.html]
[getx2mutiplebonus.com/bnc-xmax-2x.live/files/exchange-alt.svg]
[getx2mutiplebonus.com/bnc-xmax-2x.live/DOGE/custom.js]
[getx2mutiplebonus.com/bnc-xmax-2x.live/Version/index.html]
[getx2mutiplebonus.com/TweenLite.html]
[getx2mutiplebonus.com/bnc-xmax-2x.live/static/files/_15734218007197.html]
[getx2mutiplebonus.com/bnc-xmax-2x.live/static/files/_157342180071910.html]
[getx2mutiplebonus.com/bnc-xmax-2x.live/static/svg/preloaders/circle-preloader.html]
[getx2mutiplebonus.com/bnc-xmax-2x.live/files/_15734218007197.html]
[getx2mutiplebonus.com/bnc-xmax-2x.live/files/_157342180071910.html]
[getx2mutiplebonus.com/bnc-xmax-2x.live/svg/preloaders/circle-preloader.html]
[getx2mutiplebonus.com/bnc-xmax-2x.live/fonts/cryptocoins.html]
[getx2mutiplebonus.com/bnc-xmax-2x.live/fonts/cryptocoins-2.html]
[getx2mutiplebonus.com/bnc-xmax-2x.live/fonts/cryptocoins-3.html]
[getx2mutiplebonus.com/bnc-xmax-2x.live/DOGE/popper.html]
[localhost_3000/static/js/WidgetIframe.js]
